{"response":[{"project":"demo-project1","response":"lagoon-build-2ik1a"}]}